
> frontend@0.1.0 build
> next build

Γû▓ Next.js 16.1.3 (Turbopack)
- Environments: .env.local

  Creating an optimized production build ...
Γ£ô Compiled successfully in 63s
  Running TypeScript ...
  Collecting page data using 1 worker ...
  Generating static pages using 1 worker (0/7) ...
  Generating static pages using 1 worker (1/7) 
  Generating static pages using 1 worker (3/7) 
  Generating static pages using 1 worker (5/7) 
Γ£ô Generating static pages using 1 worker (7/7) in 2.6s
  Finalizing page optimization ...

Route (app)
Γöî Γùï /
Γö£ Γùï /_not-found
Γö£ Γùï /create
Γö£ Γùï /dashboard
Γö£ Γùï /listing
Γö£ ╞Æ /listing/[id]
Γöö ╞Æ /seller/[address]


Γùï  (Static)   prerendered as static content
╞Æ  (Dynamic)  server-rendered on demand

